// Jest Snapshot v1, https://goo.gl/fbAQLP

exports[`Snapshot test Snapshot for Quotes component 1`] = `
<div
  className="quote"
>
  <div
    className="login-box"
  >
    <h3>
      
    </h3>
    <div
      className="author"
    >
      
    </div>
    <button
      onClick={[Function]}
      type="button"
    >
      <span />
      <span />
      <span />
      <span />
      Change Quotes
    </button>
  </div>
</div>
`;
